Starting new Dynesty non-linear search (no previous samples found).
Generating initial samples of model, which are subject to prior limits and other constraints. Using 1 cores.
Creating pool with 1 processes
created
Running 1 jobs across [<SneakyProcess name='0' pid=81586 parent=81531 started>] processes
Running 1 jobs across [<SneakyProcess name='0' pid=81586 parent=81531 started>] processes
Running 1 jobs across [<SneakyProcess name='0' pid=81586 parent=81531 started>] processes
Running 1 jobs across [<SneakyProcess name='0' pid=81586 parent=81531 started>] processes
Running 1 jobs across [<SneakyProcess name='0' pid=81586 parent=81531 started>] processes
Running 1 jobs across [<SneakyProcess name='0' pid=81586 parent=81531 started>] processes
Running 1 jobs across [<SneakyProcess name='0' pid=81586 parent=81531 started>] processes
Running 1 jobs across [<SneakyProcess name='0' pid=81586 parent=81531 started>] processes
Running 1 jobs across [<SneakyProcess name='0' pid=81586 parent=81531 started>] processes
Running 1 jobs across [<SneakyProcess name='0' pid=81586 parent=81531 started>] processes
Running 1 jobs across [<SneakyProcess name='0' pid=81586 parent=81531 started>] processes
Running 1 jobs across [<SneakyProcess name='0' pid=81586 parent=81531 started>] processes
Running 1 jobs across [<SneakyProcess name='0' pid=81586 parent=81531 started>] processes
Running 1 jobs across [<SneakyProcess name='0' pid=81586 parent=81531 started>] processes
Running 1 jobs across [<SneakyProcess name='0' pid=81586 parent=81531 started>] processes
Running 1 jobs across [<SneakyProcess name='0' pid=81586 parent=81531 started>] processes
Running 1 jobs across [<SneakyProcess name='0' pid=81586 parent=81531 started>] processes
Running 1 jobs across [<SneakyProcess name='0' pid=81586 parent=81531 started>] processes
Running 1 jobs across [<SneakyProcess name='0' pid=81586 parent=81531 started>] processes
Running 1 jobs across [<SneakyProcess name='0' pid=81586 parent=81531 started>] processes
Running 1 jobs across [<SneakyProcess name='0' pid=81586 parent=81531 started>] processes
Running 1 jobs across [<SneakyProcess name='0' pid=81586 parent=81531 started>] processes
Running 1 jobs across [<SneakyProcess name='0' pid=81586 parent=81531 started>] processes
Running 1 jobs across [<SneakyProcess name='0' pid=81586 parent=81531 started>] processes
Running 1 jobs across [<SneakyProcess name='0' pid=81586 parent=81531 started>] processes
Running 1 jobs across [<SneakyProcess name='0' pid=81586 parent=81531 started>] processes
Running 1 jobs across [<SneakyProcess name='0' pid=81586 parent=81531 started>] processes
Running 1 jobs across [<SneakyProcess name='0' pid=81586 parent=81531 started>] processes
Running 1 jobs across [<SneakyProcess name='0' pid=81586 parent=81531 started>] processes
Running 1 jobs across [<SneakyProcess name='0' pid=81586 parent=81531 started>] processes
Running 1 jobs across [<SneakyProcess name='0' pid=81586 parent=81531 started>] processes
Running 1 jobs across [<SneakyProcess name='0' pid=81586 parent=81531 started>] processes
Running 1 jobs across [<SneakyProcess name='0' pid=81586 parent=81531 started>] processes
Running 1 jobs across [<SneakyProcess name='0' pid=81586 parent=81531 started>] processes
Running 1 jobs across [<SneakyProcess name='0' pid=81586 parent=81531 started>] processes
Running 1 jobs across [<SneakyProcess name='0' pid=81586 parent=81531 started>] processes
Running 1 jobs across [<SneakyProcess name='0' pid=81586 parent=81531 started>] processes
Running 1 jobs across [<SneakyProcess name='0' pid=81586 parent=81531 started>] processes
Running 1 jobs across [<SneakyProcess name='0' pid=81586 parent=81531 started>] processes
Running 1 jobs across [<SneakyProcess name='0' pid=81586 parent=81531 started>] processes
Running 1 jobs across [<SneakyProcess name='0' pid=81586 parent=81531 started>] processes
Running 1 jobs across [<SneakyProcess name='0' pid=81586 parent=81531 started>] processes
Running 1 jobs across [<SneakyProcess name='0' pid=81586 parent=81531 started>] processes
Running 1 jobs across [<SneakyProcess name='0' pid=81586 parent=81531 started>] processes
Running 1 jobs across [<SneakyProcess name='0' pid=81586 parent=81531 started>] processes
Running 1 jobs across [<SneakyProcess name='0' pid=81586 parent=81531 started>] processes
Running 1 jobs across [<SneakyProcess name='0' pid=81586 parent=81531 started>] processes
Running 1 jobs across [<SneakyProcess name='0' pid=81586 parent=81531 started>] processes
Running 1 jobs across [<SneakyProcess name='0' pid=81586 parent=81531 started>] processes
Running 1 jobs across [<SneakyProcess name='0' pid=81586 parent=81531 started>] processes
Running 1 jobs across [<SneakyProcess name='0' pid=81586 parent=81531 started>] processes
Running 1 jobs across [<SneakyProcess name='0' pid=81586 parent=81531 started>] processes
Running 1 jobs across [<SneakyProcess name='0' pid=81586 parent=81531 started>] processes
Running 1 jobs across [<SneakyProcess name='0' pid=81586 parent=81531 started>] processes
Running 1 jobs across [<SneakyProcess name='0' pid=81586 parent=81531 started>] processes
Running 1 jobs across [<SneakyProcess name='0' pid=81586 parent=81531 started>] processes
Running 1 jobs across [<SneakyProcess name='0' pid=81586 parent=81531 started>] processes
Running 1 jobs across [<SneakyProcess name='0' pid=81586 parent=81531 started>] processes
Running 1 jobs across [<SneakyProcess name='0' pid=81586 parent=81531 started>] processes
Running 1 jobs across [<SneakyProcess name='0' pid=81586 parent=81531 started>] processes
Running 1 jobs across [<SneakyProcess name='0' pid=81586 parent=81531 started>] processes
Running 1 jobs across [<SneakyProcess name='0' pid=81586 parent=81531 started>] processes
Running 1 jobs across [<SneakyProcess name='0' pid=81586 parent=81531 started>] processes
Running 1 jobs across [<SneakyProcess name='0' pid=81586 parent=81531 started>] processes
Running 1 jobs across [<SneakyProcess name='0' pid=81586 parent=81531 started>] processes
Running 1 jobs across [<SneakyProcess name='0' pid=81586 parent=81531 started>] processes
Running 1 jobs across [<SneakyProcess name='0' pid=81586 parent=81531 started>] processes
Running 1 jobs across [<SneakyProcess name='0' pid=81586 parent=81531 started>] processes
Running 1 jobs across [<SneakyProcess name='0' pid=81586 parent=81531 started>] processes
Running 1 jobs across [<SneakyProcess name='0' pid=81586 parent=81531 started>] processes
Running 1 jobs across [<SneakyProcess name='0' pid=81586 parent=81531 started>] processes
Running 1 jobs across [<SneakyProcess name='0' pid=81586 parent=81531 started>] processes
Running 1 jobs across [<SneakyProcess name='0' pid=81586 parent=81531 started>] processes
Running 1 jobs across [<SneakyProcess name='0' pid=81586 parent=81531 started>] processes
Running 1 jobs across [<SneakyProcess name='0' pid=81586 parent=81531 started>] processes
Running 1 jobs across [<SneakyProcess name='0' pid=81586 parent=81531 started>] processes
Running 1 jobs across [<SneakyProcess name='0' pid=81586 parent=81531 started>] processes
Running 1 jobs across [<SneakyProcess name='0' pid=81586 parent=81531 started>] processes
Running 1 jobs across [<SneakyProcess name='0' pid=81586 parent=81531 started>] processes
Running 1 jobs across [<SneakyProcess name='0' pid=81586 parent=81531 started>] processes
Running 1 jobs across [<SneakyProcess name='0' pid=81586 parent=81531 started>] processes
Running 1 jobs across [<SneakyProcess name='0' pid=81586 parent=81531 started>] processes
Running 1 jobs across [<SneakyProcess name='0' pid=81586 parent=81531 started>] processes
Running 1 jobs across [<SneakyProcess name='0' pid=81586 parent=81531 started>] processes
Running 1 jobs across [<SneakyProcess name='0' pid=81586 parent=81531 started>] processes
Running 1 jobs across [<SneakyProcess name='0' pid=81586 parent=81531 started>] processes
Running 1 jobs across [<SneakyProcess name='0' pid=81586 parent=81531 started>] processes
Running 1 jobs across [<SneakyProcess name='0' pid=81586 parent=81531 started>] processes
Running 1 jobs across [<SneakyProcess name='0' pid=81586 parent=81531 started>] processes
Running 1 jobs across [<SneakyProcess name='0' pid=81586 parent=81531 started>] processes
Running 1 jobs across [<SneakyProcess name='0' pid=81586 parent=81531 started>] processes
Running 1 jobs across [<SneakyProcess name='0' pid=81586 parent=81531 started>] processes
Running 1 jobs across [<SneakyProcess name='0' pid=81586 parent=81531 started>] processes
Running 1 jobs across [<SneakyProcess name='0' pid=81586 parent=81531 started>] processes
Running 1 jobs across [<SneakyProcess name='0' pid=81586 parent=81531 started>] processes
Running 1 jobs across [<SneakyProcess name='0' pid=81586 parent=81531 started>] processes
Running 1 jobs across [<SneakyProcess name='0' pid=81586 parent=81531 started>] processes
Running 1 jobs across [<SneakyProcess name='0' pid=81586 parent=81531 started>] processes
Running 1 jobs across [<SneakyProcess name='0' pid=81586 parent=81531 started>] processes
Running 1 jobs across [<SneakyProcess name='0' pid=81586 parent=81531 started>] processes
Running 1 jobs across [<SneakyProcess name='0' pid=81586 parent=81531 started>] processes
Running 1 jobs across [<SneakyProcess name='0' pid=81586 parent=81531 started>] processes
Running 1 jobs across [<SneakyProcess name='0' pid=81586 parent=81531 started>] processes
Running 1 jobs across [<SneakyProcess name='0' pid=81586 parent=81531 started>] processes
Running 1 jobs across [<SneakyProcess name='0' pid=81586 parent=81531 started>] processes
Running 1 jobs across [<SneakyProcess name='0' pid=81586 parent=81531 started>] processes
Running 1 jobs across [<SneakyProcess name='0' pid=81586 parent=81531 started>] processes
Running 1 jobs across [<SneakyProcess name='0' pid=81586 parent=81531 started>] processes
Running 1 jobs across [<SneakyProcess name='0' pid=81586 parent=81531 started>] processes
Running 1 jobs across [<SneakyProcess name='0' pid=81586 parent=81531 started>] processes
Running 1 jobs across [<SneakyProcess name='0' pid=81586 parent=81531 started>] processes
Running 1 jobs across [<SneakyProcess name='0' pid=81586 parent=81531 started>] processes
Running 1 jobs across [<SneakyProcess name='0' pid=81586 parent=81531 started>] processes
Running 1 jobs across [<SneakyProcess name='0' pid=81586 parent=81531 started>] processes
Running 1 jobs across [<SneakyProcess name='0' pid=81586 parent=81531 started>] processes
Running 1 jobs across [<SneakyProcess name='0' pid=81586 parent=81531 started>] processes
Running 1 jobs across [<SneakyProcess name='0' pid=81586 parent=81531 started>] processes
Running 1 jobs across [<SneakyProcess name='0' pid=81586 parent=81531 started>] processes
Running 1 jobs across [<SneakyProcess name='0' pid=81586 parent=81531 started>] processes
Running 1 jobs across [<SneakyProcess name='0' pid=81586 parent=81531 started>] processes
Running 1 jobs across [<SneakyProcess name='0' pid=81586 parent=81531 started>] processes
Running 1 jobs across [<SneakyProcess name='0' pid=81586 parent=81531 started>] processes
Running 1 jobs across [<SneakyProcess name='0' pid=81586 parent=81531 started>] processes
Running 1 jobs across [<SneakyProcess name='0' pid=81586 parent=81531 started>] processes
Running 1 jobs across [<SneakyProcess name='0' pid=81586 parent=81531 started>] processes
Running 1 jobs across [<SneakyProcess name='0' pid=81586 parent=81531 started>] processes
Running 1 jobs across [<SneakyProcess name='0' pid=81586 parent=81531 started>] processes
Running 1 jobs across [<SneakyProcess name='0' pid=81586 parent=81531 started>] processes
Running 1 jobs across [<SneakyProcess name='0' pid=81586 parent=81531 started>] processes
Running 1 jobs across [<SneakyProcess name='0' pid=81586 parent=81531 started>] processes
Running 1 jobs across [<SneakyProcess name='0' pid=81586 parent=81531 started>] processes
Running 1 jobs across [<SneakyProcess name='0' pid=81586 parent=81531 started>] processes
Running 1 jobs across [<SneakyProcess name='0' pid=81586 parent=81531 started>] processes
Running 1 jobs across [<SneakyProcess name='0' pid=81586 parent=81531 started>] processes
Running 1 jobs across [<SneakyProcess name='0' pid=81586 parent=81531 started>] processes
Running 1 jobs across [<SneakyProcess name='0' pid=81586 parent=81531 started>] processes
Running 1 jobs across [<SneakyProcess name='0' pid=81586 parent=81531 started>] processes
Running 1 jobs across [<SneakyProcess name='0' pid=81586 parent=81531 started>] processes
Running 1 jobs across [<SneakyProcess name='0' pid=81586 parent=81531 started>] processes
Running 1 jobs across [<SneakyProcess name='0' pid=81586 parent=81531 started>] processes
Running 1 jobs across [<SneakyProcess name='0' pid=81586 parent=81531 started>] processes
Running 1 jobs across [<SneakyProcess name='0' pid=81586 parent=81531 started>] processes
Running 1 jobs across [<SneakyProcess name='0' pid=81586 parent=81531 started>] processes
Running 1 jobs across [<SneakyProcess name='0' pid=81586 parent=81531 started>] processes
Running 1 jobs across [<SneakyProcess name='0' pid=81586 parent=81531 started>] processes
Running 1 jobs across [<SneakyProcess name='0' pid=81586 parent=81531 started>] processes
Running 1 jobs across [<SneakyProcess name='0' pid=81586 parent=81531 started>] processes
Running 1 jobs across [<SneakyProcess name='0' pid=81586 parent=81531 started>] processes
Running 1 jobs across [<SneakyProcess name='0' pid=81586 parent=81531 started>] processes
Running 1 jobs across [<SneakyProcess name='0' pid=81586 parent=81531 started>] processes
Running 1 jobs across [<SneakyProcess name='0' pid=81586 parent=81531 started>] processes
Running 1 jobs across [<SneakyProcess name='0' pid=81586 parent=81531 started>] processes
Running 1 jobs across [<SneakyProcess name='0' pid=81586 parent=81531 started>] processes
Running 1 jobs across [<SneakyProcess name='0' pid=81586 parent=81531 started>] processes
Running 1 jobs across [<SneakyProcess name='0' pid=81586 parent=81531 started>] processes
Running 1 jobs across [<SneakyProcess name='0' pid=81586 parent=81531 started>] processes
Running 1 jobs across [<SneakyProcess name='0' pid=81586 parent=81531 started>] processes
Running 1 jobs across [<SneakyProcess name='0' pid=81586 parent=81531 started>] processes
Running 1 jobs across [<SneakyProcess name='0' pid=81586 parent=81531 started>] processes
Running 1 jobs across [<SneakyProcess name='0' pid=81586 parent=81531 started>] processes
Running 1 jobs across [<SneakyProcess name='0' pid=81586 parent=81531 started>] processes
Running 1 jobs across [<SneakyProcess name='0' pid=81586 parent=81531 started>] processes
Running 1 jobs across [<SneakyProcess name='0' pid=81586 parent=81531 started>] processes
Running 1 jobs across [<SneakyProcess name='0' pid=81586 parent=81531 started>] processes
Running 1 jobs across [<SneakyProcess name='0' pid=81586 parent=81531 started>] processes
Running 1 jobs across [<SneakyProcess name='0' pid=81586 parent=81531 started>] processes
Running 1 jobs across [<SneakyProcess name='0' pid=81586 parent=81531 started>] processes
Running 1 jobs across [<SneakyProcess name='0' pid=81586 parent=81531 started>] processes
Running 1 jobs across [<SneakyProcess name='0' pid=81586 parent=81531 started>] processes
Running 1 jobs across [<SneakyProcess name='0' pid=81586 parent=81531 started>] processes
Running 1 jobs across [<SneakyProcess name='0' pid=81586 parent=81531 started>] processes
Running 1 jobs across [<SneakyProcess name='0' pid=81586 parent=81531 started>] processes
Running 1 jobs across [<SneakyProcess name='0' pid=81586 parent=81531 started>] processes
Running 1 jobs across [<SneakyProcess name='0' pid=81586 parent=81531 started>] processes
Running 1 jobs across [<SneakyProcess name='0' pid=81586 parent=81531 started>] processes
Running 1 jobs across [<SneakyProcess name='0' pid=81586 parent=81531 started>] processes
Running 1 jobs across [<SneakyProcess name='0' pid=81586 parent=81531 started>] processes
Running 1 jobs across [<SneakyProcess name='0' pid=81586 parent=81531 started>] processes
Running 1 jobs across [<SneakyProcess name='0' pid=81586 parent=81531 started>] processes
Running 1 jobs across [<SneakyProcess name='0' pid=81586 parent=81531 started>] processes
Running 1 jobs across [<SneakyProcess name='0' pid=81586 parent=81531 started>] processes
Running 1 jobs across [<SneakyProcess name='0' pid=81586 parent=81531 started>] processes
Running 1 jobs across [<SneakyProcess name='0' pid=81586 parent=81531 started>] processes
Running 1 jobs across [<SneakyProcess name='0' pid=81586 parent=81531 started>] processes
Running 1 jobs across [<SneakyProcess name='0' pid=81586 parent=81531 started>] processes
Running 1 jobs across [<SneakyProcess name='0' pid=81586 parent=81531 started>] processes
Running 1 jobs across [<SneakyProcess name='0' pid=81586 parent=81531 started>] processes
Running 1 jobs across [<SneakyProcess name='0' pid=81586 parent=81531 started>] processes
Running 1 jobs across [<SneakyProcess name='0' pid=81586 parent=81531 started>] processes
Running 1 jobs across [<SneakyProcess name='0' pid=81586 parent=81531 started>] processes
Running 1 jobs across [<SneakyProcess name='0' pid=81586 parent=81531 started>] processes
Running 1 jobs across [<SneakyProcess name='0' pid=81586 parent=81531 started>] processes
Running 1 jobs across [<SneakyProcess name='0' pid=81586 parent=81531 started>] processes
Running 1 jobs across [<SneakyProcess name='0' pid=81586 parent=81531 started>] processes
Running 1 jobs across [<SneakyProcess name='0' pid=81586 parent=81531 started>] processes
Running 1 jobs across [<SneakyProcess name='0' pid=81586 parent=81531 started>] processes
Running 1 jobs across [<SneakyProcess name='0' pid=81586 parent=81531 started>] processes
Running 1 jobs across [<SneakyProcess name='0' pid=81586 parent=81531 started>] processes
Running 1 jobs across [<SneakyProcess name='0' pid=81586 parent=81531 started>] processes
Running 1 jobs across [<SneakyProcess name='0' pid=81586 parent=81531 started>] processes
Fit Running: Updating results after 500 iterations (see output folder).
Fit Running: Updating results after 1000 iterations (see output folder).
Fit Running: Updating results after 1500 iterations (see output folder).
Fit Running: Updating results after 2000 iterations (see output folder).
Fit Running: Updating results after 2500 iterations (see output folder).
Fit Running: Updating results after 3000 iterations (see output folder).
Fit Running: Updating results after 3500 iterations (see output folder).
Fit Running: Updating results after 4000 iterations (see output folder).
Fit Running: Updating results after 4500 iterations (see output folder).
Fit Running: Updating results after 5000 iterations (see output folder).
Fit Running: Updating results after 5500 iterations (see output folder).
Fit Running: Updating results after 6000 iterations (see output folder).
Fit Running: Updating results after 6500 iterations (see output folder).
Fit Running: Updating results after 7000 iterations (see output folder).
Fit Running: Updating results after 7500 iterations (see output folder).
Fit Running: Updating results after 8000 iterations (see output folder).
Fit Running: Updating results after 8500 iterations (see output folder).
Fit Running: Updating results after 9000 iterations (see output folder).
Fit Running: Updating results after 9500 iterations (see output folder).
Fit Running: Updating results after 10000 iterations (see output folder).
Fit Running: Updating results after 10500 iterations (see output folder).
Fit Running: Updating results after 11000 iterations (see output folder).
Fit Running: Updating results after 11500 iterations (see output folder).
Fit Running: Updating results after 12000 iterations (see output folder).
Fit Running: Updating results after 12500 iterations (see output folder).
Fit Running: Updating results after 13000 iterations (see output folder).
Fit Running: Updating results after 13500 iterations (see output folder).
Fit Running: Updating results after 14000 iterations (see output folder).
Fit Running: Updating results after 14500 iterations (see output folder).
Fit Running: Updating results after 15000 iterations (see output folder).
