Starting new Dynesty non-linear search (no previous samples found).
Generating initial samples of model, which are subject to prior limits and other constraints. Using 1 cores.
Creating pool with 1 processes
created
Running 1 jobs across [<SneakyProcess name='0' pid=78972 parent=78935 started>] processes
Running 1 jobs across [<SneakyProcess name='0' pid=78972 parent=78935 started>] processes
Running 1 jobs across [<SneakyProcess name='0' pid=78972 parent=78935 started>] processes
Running 1 jobs across [<SneakyProcess name='0' pid=78972 parent=78935 started>] processes
Running 1 jobs across [<SneakyProcess name='0' pid=78972 parent=78935 started>] processes
Running 1 jobs across [<SneakyProcess name='0' pid=78972 parent=78935 started>] processes
Running 1 jobs across [<SneakyProcess name='0' pid=78972 parent=78935 started>] processes
Running 1 jobs across [<SneakyProcess name='0' pid=78972 parent=78935 started>] processes
Running 1 jobs across [<SneakyProcess name='0' pid=78972 parent=78935 started>] processes
Running 1 jobs across [<SneakyProcess name='0' pid=78972 parent=78935 started>] processes
Running 1 jobs across [<SneakyProcess name='0' pid=78972 parent=78935 started>] processes
Running 1 jobs across [<SneakyProcess name='0' pid=78972 parent=78935 started>] processes
Running 1 jobs across [<SneakyProcess name='0' pid=78972 parent=78935 started>] processes
Running 1 jobs across [<SneakyProcess name='0' pid=78972 parent=78935 started>] processes
Running 1 jobs across [<SneakyProcess name='0' pid=78972 parent=78935 started>] processes
Running 1 jobs across [<SneakyProcess name='0' pid=78972 parent=78935 started>] processes
Running 1 jobs across [<SneakyProcess name='0' pid=78972 parent=78935 started>] processes
Running 1 jobs across [<SneakyProcess name='0' pid=78972 parent=78935 started>] processes
Running 1 jobs across [<SneakyProcess name='0' pid=78972 parent=78935 started>] processes
Running 1 jobs across [<SneakyProcess name='0' pid=78972 parent=78935 started>] processes
Running 1 jobs across [<SneakyProcess name='0' pid=78972 parent=78935 started>] processes
Running 1 jobs across [<SneakyProcess name='0' pid=78972 parent=78935 started>] processes
Running 1 jobs across [<SneakyProcess name='0' pid=78972 parent=78935 started>] processes
Running 1 jobs across [<SneakyProcess name='0' pid=78972 parent=78935 started>] processes
Running 1 jobs across [<SneakyProcess name='0' pid=78972 parent=78935 started>] processes
Running 1 jobs across [<SneakyProcess name='0' pid=78972 parent=78935 started>] processes
Running 1 jobs across [<SneakyProcess name='0' pid=78972 parent=78935 started>] processes
Running 1 jobs across [<SneakyProcess name='0' pid=78972 parent=78935 started>] processes
Running 1 jobs across [<SneakyProcess name='0' pid=78972 parent=78935 started>] processes
Running 1 jobs across [<SneakyProcess name='0' pid=78972 parent=78935 started>] processes
Running 1 jobs across [<SneakyProcess name='0' pid=78972 parent=78935 started>] processes
Running 1 jobs across [<SneakyProcess name='0' pid=78972 parent=78935 started>] processes
Running 1 jobs across [<SneakyProcess name='0' pid=78972 parent=78935 started>] processes
Running 1 jobs across [<SneakyProcess name='0' pid=78972 parent=78935 started>] processes
Running 1 jobs across [<SneakyProcess name='0' pid=78972 parent=78935 started>] processes
Running 1 jobs across [<SneakyProcess name='0' pid=78972 parent=78935 started>] processes
Running 1 jobs across [<SneakyProcess name='0' pid=78972 parent=78935 started>] processes
Running 1 jobs across [<SneakyProcess name='0' pid=78972 parent=78935 started>] processes
Running 1 jobs across [<SneakyProcess name='0' pid=78972 parent=78935 started>] processes
Running 1 jobs across [<SneakyProcess name='0' pid=78972 parent=78935 started>] processes
Running 1 jobs across [<SneakyProcess name='0' pid=78972 parent=78935 started>] processes
Running 1 jobs across [<SneakyProcess name='0' pid=78972 parent=78935 started>] processes
Running 1 jobs across [<SneakyProcess name='0' pid=78972 parent=78935 started>] processes
Running 1 jobs across [<SneakyProcess name='0' pid=78972 parent=78935 started>] processes
Running 1 jobs across [<SneakyProcess name='0' pid=78972 parent=78935 started>] processes
Running 1 jobs across [<SneakyProcess name='0' pid=78972 parent=78935 started>] processes
Running 1 jobs across [<SneakyProcess name='0' pid=78972 parent=78935 started>] processes
Running 1 jobs across [<SneakyProcess name='0' pid=78972 parent=78935 started>] processes
Running 1 jobs across [<SneakyProcess name='0' pid=78972 parent=78935 started>] processes
Running 1 jobs across [<SneakyProcess name='0' pid=78972 parent=78935 started>] processes
Running 1 jobs across [<SneakyProcess name='0' pid=78972 parent=78935 started>] processes
Running 1 jobs across [<SneakyProcess name='0' pid=78972 parent=78935 started>] processes
Running 1 jobs across [<SneakyProcess name='0' pid=78972 parent=78935 started>] processes
Running 1 jobs across [<SneakyProcess name='0' pid=78972 parent=78935 started>] processes
Running 1 jobs across [<SneakyProcess name='0' pid=78972 parent=78935 started>] processes
Running 1 jobs across [<SneakyProcess name='0' pid=78972 parent=78935 started>] processes
Running 1 jobs across [<SneakyProcess name='0' pid=78972 parent=78935 started>] processes
Running 1 jobs across [<SneakyProcess name='0' pid=78972 parent=78935 started>] processes
Running 1 jobs across [<SneakyProcess name='0' pid=78972 parent=78935 started>] processes
Running 1 jobs across [<SneakyProcess name='0' pid=78972 parent=78935 started>] processes
Running 1 jobs across [<SneakyProcess name='0' pid=78972 parent=78935 started>] processes
Running 1 jobs across [<SneakyProcess name='0' pid=78972 parent=78935 started>] processes
Running 1 jobs across [<SneakyProcess name='0' pid=78972 parent=78935 started>] processes
Running 1 jobs across [<SneakyProcess name='0' pid=78972 parent=78935 started>] processes
Running 1 jobs across [<SneakyProcess name='0' pid=78972 parent=78935 started>] processes
Running 1 jobs across [<SneakyProcess name='0' pid=78972 parent=78935 started>] processes
Running 1 jobs across [<SneakyProcess name='0' pid=78972 parent=78935 started>] processes
Running 1 jobs across [<SneakyProcess name='0' pid=78972 parent=78935 started>] processes
Running 1 jobs across [<SneakyProcess name='0' pid=78972 parent=78935 started>] processes
Running 1 jobs across [<SneakyProcess name='0' pid=78972 parent=78935 started>] processes
Running 1 jobs across [<SneakyProcess name='0' pid=78972 parent=78935 started>] processes
Running 1 jobs across [<SneakyProcess name='0' pid=78972 parent=78935 started>] processes
Running 1 jobs across [<SneakyProcess name='0' pid=78972 parent=78935 started>] processes
Running 1 jobs across [<SneakyProcess name='0' pid=78972 parent=78935 started>] processes
Running 1 jobs across [<SneakyProcess name='0' pid=78972 parent=78935 started>] processes
Running 1 jobs across [<SneakyProcess name='0' pid=78972 parent=78935 started>] processes
Running 1 jobs across [<SneakyProcess name='0' pid=78972 parent=78935 started>] processes
Running 1 jobs across [<SneakyProcess name='0' pid=78972 parent=78935 started>] processes
Running 1 jobs across [<SneakyProcess name='0' pid=78972 parent=78935 started>] processes
Running 1 jobs across [<SneakyProcess name='0' pid=78972 parent=78935 started>] processes
Running 1 jobs across [<SneakyProcess name='0' pid=78972 parent=78935 started>] processes
Running 1 jobs across [<SneakyProcess name='0' pid=78972 parent=78935 started>] processes
Running 1 jobs across [<SneakyProcess name='0' pid=78972 parent=78935 started>] processes
Running 1 jobs across [<SneakyProcess name='0' pid=78972 parent=78935 started>] processes
Running 1 jobs across [<SneakyProcess name='0' pid=78972 parent=78935 started>] processes
Running 1 jobs across [<SneakyProcess name='0' pid=78972 parent=78935 started>] processes
Running 1 jobs across [<SneakyProcess name='0' pid=78972 parent=78935 started>] processes
Running 1 jobs across [<SneakyProcess name='0' pid=78972 parent=78935 started>] processes
Running 1 jobs across [<SneakyProcess name='0' pid=78972 parent=78935 started>] processes
Running 1 jobs across [<SneakyProcess name='0' pid=78972 parent=78935 started>] processes
Running 1 jobs across [<SneakyProcess name='0' pid=78972 parent=78935 started>] processes
Running 1 jobs across [<SneakyProcess name='0' pid=78972 parent=78935 started>] processes
Running 1 jobs across [<SneakyProcess name='0' pid=78972 parent=78935 started>] processes
Running 1 jobs across [<SneakyProcess name='0' pid=78972 parent=78935 started>] processes
Running 1 jobs across [<SneakyProcess name='0' pid=78972 parent=78935 started>] processes
Running 1 jobs across [<SneakyProcess name='0' pid=78972 parent=78935 started>] processes
Running 1 jobs across [<SneakyProcess name='0' pid=78972 parent=78935 started>] processes
Running 1 jobs across [<SneakyProcess name='0' pid=78972 parent=78935 started>] processes
Running 1 jobs across [<SneakyProcess name='0' pid=78972 parent=78935 started>] processes
Running 1 jobs across [<SneakyProcess name='0' pid=78972 parent=78935 started>] processes
Running 1 jobs across [<SneakyProcess name='0' pid=78972 parent=78935 started>] processes
Running 1 jobs across [<SneakyProcess name='0' pid=78972 parent=78935 started>] processes
Running 1 jobs across [<SneakyProcess name='0' pid=78972 parent=78935 started>] processes
Running 1 jobs across [<SneakyProcess name='0' pid=78972 parent=78935 started>] processes
Running 1 jobs across [<SneakyProcess name='0' pid=78972 parent=78935 started>] processes
Running 1 jobs across [<SneakyProcess name='0' pid=78972 parent=78935 started>] processes
Running 1 jobs across [<SneakyProcess name='0' pid=78972 parent=78935 started>] processes
Running 1 jobs across [<SneakyProcess name='0' pid=78972 parent=78935 started>] processes
Running 1 jobs across [<SneakyProcess name='0' pid=78972 parent=78935 started>] processes
Running 1 jobs across [<SneakyProcess name='0' pid=78972 parent=78935 started>] processes
Running 1 jobs across [<SneakyProcess name='0' pid=78972 parent=78935 started>] processes
Running 1 jobs across [<SneakyProcess name='0' pid=78972 parent=78935 started>] processes
Running 1 jobs across [<SneakyProcess name='0' pid=78972 parent=78935 started>] processes
Running 1 jobs across [<SneakyProcess name='0' pid=78972 parent=78935 started>] processes
Running 1 jobs across [<SneakyProcess name='0' pid=78972 parent=78935 started>] processes
Running 1 jobs across [<SneakyProcess name='0' pid=78972 parent=78935 started>] processes
Running 1 jobs across [<SneakyProcess name='0' pid=78972 parent=78935 started>] processes
Running 1 jobs across [<SneakyProcess name='0' pid=78972 parent=78935 started>] processes
Running 1 jobs across [<SneakyProcess name='0' pid=78972 parent=78935 started>] processes
Running 1 jobs across [<SneakyProcess name='0' pid=78972 parent=78935 started>] processes
Running 1 jobs across [<SneakyProcess name='0' pid=78972 parent=78935 started>] processes
Running 1 jobs across [<SneakyProcess name='0' pid=78972 parent=78935 started>] processes
Running 1 jobs across [<SneakyProcess name='0' pid=78972 parent=78935 started>] processes
Running 1 jobs across [<SneakyProcess name='0' pid=78972 parent=78935 started>] processes
Running 1 jobs across [<SneakyProcess name='0' pid=78972 parent=78935 started>] processes
Running 1 jobs across [<SneakyProcess name='0' pid=78972 parent=78935 started>] processes
Running 1 jobs across [<SneakyProcess name='0' pid=78972 parent=78935 started>] processes
Running 1 jobs across [<SneakyProcess name='0' pid=78972 parent=78935 started>] processes
Running 1 jobs across [<SneakyProcess name='0' pid=78972 parent=78935 started>] processes
Running 1 jobs across [<SneakyProcess name='0' pid=78972 parent=78935 started>] processes
Running 1 jobs across [<SneakyProcess name='0' pid=78972 parent=78935 started>] processes
Running 1 jobs across [<SneakyProcess name='0' pid=78972 parent=78935 started>] processes
Running 1 jobs across [<SneakyProcess name='0' pid=78972 parent=78935 started>] processes
Running 1 jobs across [<SneakyProcess name='0' pid=78972 parent=78935 started>] processes
Running 1 jobs across [<SneakyProcess name='0' pid=78972 parent=78935 started>] processes
Running 1 jobs across [<SneakyProcess name='0' pid=78972 parent=78935 started>] processes
Running 1 jobs across [<SneakyProcess name='0' pid=78972 parent=78935 started>] processes
Running 1 jobs across [<SneakyProcess name='0' pid=78972 parent=78935 started>] processes
Running 1 jobs across [<SneakyProcess name='0' pid=78972 parent=78935 started>] processes
Running 1 jobs across [<SneakyProcess name='0' pid=78972 parent=78935 started>] processes
Running 1 jobs across [<SneakyProcess name='0' pid=78972 parent=78935 started>] processes
Running 1 jobs across [<SneakyProcess name='0' pid=78972 parent=78935 started>] processes
Running 1 jobs across [<SneakyProcess name='0' pid=78972 parent=78935 started>] processes
Running 1 jobs across [<SneakyProcess name='0' pid=78972 parent=78935 started>] processes
Running 1 jobs across [<SneakyProcess name='0' pid=78972 parent=78935 started>] processes
Running 1 jobs across [<SneakyProcess name='0' pid=78972 parent=78935 started>] processes
Running 1 jobs across [<SneakyProcess name='0' pid=78972 parent=78935 started>] processes
Running 1 jobs across [<SneakyProcess name='0' pid=78972 parent=78935 started>] processes
Running 1 jobs across [<SneakyProcess name='0' pid=78972 parent=78935 started>] processes
Running 1 jobs across [<SneakyProcess name='0' pid=78972 parent=78935 started>] processes
Running 1 jobs across [<SneakyProcess name='0' pid=78972 parent=78935 started>] processes
Running 1 jobs across [<SneakyProcess name='0' pid=78972 parent=78935 started>] processes
Running 1 jobs across [<SneakyProcess name='0' pid=78972 parent=78935 started>] processes
Running 1 jobs across [<SneakyProcess name='0' pid=78972 parent=78935 started>] processes
Running 1 jobs across [<SneakyProcess name='0' pid=78972 parent=78935 started>] processes
Running 1 jobs across [<SneakyProcess name='0' pid=78972 parent=78935 started>] processes
Running 1 jobs across [<SneakyProcess name='0' pid=78972 parent=78935 started>] processes
Running 1 jobs across [<SneakyProcess name='0' pid=78972 parent=78935 started>] processes
Running 1 jobs across [<SneakyProcess name='0' pid=78972 parent=78935 started>] processes
Running 1 jobs across [<SneakyProcess name='0' pid=78972 parent=78935 started>] processes
Running 1 jobs across [<SneakyProcess name='0' pid=78972 parent=78935 started>] processes
Running 1 jobs across [<SneakyProcess name='0' pid=78972 parent=78935 started>] processes
Running 1 jobs across [<SneakyProcess name='0' pid=78972 parent=78935 started>] processes
Running 1 jobs across [<SneakyProcess name='0' pid=78972 parent=78935 started>] processes
Running 1 jobs across [<SneakyProcess name='0' pid=78972 parent=78935 started>] processes
Running 1 jobs across [<SneakyProcess name='0' pid=78972 parent=78935 started>] processes
Running 1 jobs across [<SneakyProcess name='0' pid=78972 parent=78935 started>] processes
Running 1 jobs across [<SneakyProcess name='0' pid=78972 parent=78935 started>] processes
Running 1 jobs across [<SneakyProcess name='0' pid=78972 parent=78935 started>] processes
Running 1 jobs across [<SneakyProcess name='0' pid=78972 parent=78935 started>] processes
Running 1 jobs across [<SneakyProcess name='0' pid=78972 parent=78935 started>] processes
Running 1 jobs across [<SneakyProcess name='0' pid=78972 parent=78935 started>] processes
Running 1 jobs across [<SneakyProcess name='0' pid=78972 parent=78935 started>] processes
Running 1 jobs across [<SneakyProcess name='0' pid=78972 parent=78935 started>] processes
Running 1 jobs across [<SneakyProcess name='0' pid=78972 parent=78935 started>] processes
Running 1 jobs across [<SneakyProcess name='0' pid=78972 parent=78935 started>] processes
Running 1 jobs across [<SneakyProcess name='0' pid=78972 parent=78935 started>] processes
Running 1 jobs across [<SneakyProcess name='0' pid=78972 parent=78935 started>] processes
Running 1 jobs across [<SneakyProcess name='0' pid=78972 parent=78935 started>] processes
Running 1 jobs across [<SneakyProcess name='0' pid=78972 parent=78935 started>] processes
Running 1 jobs across [<SneakyProcess name='0' pid=78972 parent=78935 started>] processes
Running 1 jobs across [<SneakyProcess name='0' pid=78972 parent=78935 started>] processes
Running 1 jobs across [<SneakyProcess name='0' pid=78972 parent=78935 started>] processes
Running 1 jobs across [<SneakyProcess name='0' pid=78972 parent=78935 started>] processes
Running 1 jobs across [<SneakyProcess name='0' pid=78972 parent=78935 started>] processes
Running 1 jobs across [<SneakyProcess name='0' pid=78972 parent=78935 started>] processes
Running 1 jobs across [<SneakyProcess name='0' pid=78972 parent=78935 started>] processes
Running 1 jobs across [<SneakyProcess name='0' pid=78972 parent=78935 started>] processes
Running 1 jobs across [<SneakyProcess name='0' pid=78972 parent=78935 started>] processes
Running 1 jobs across [<SneakyProcess name='0' pid=78972 parent=78935 started>] processes
Running 1 jobs across [<SneakyProcess name='0' pid=78972 parent=78935 started>] processes
Running 1 jobs across [<SneakyProcess name='0' pid=78972 parent=78935 started>] processes
Running 1 jobs across [<SneakyProcess name='0' pid=78972 parent=78935 started>] processes
Running 1 jobs across [<SneakyProcess name='0' pid=78972 parent=78935 started>] processes
Running 1 jobs across [<SneakyProcess name='0' pid=78972 parent=78935 started>] processes
Running 1 jobs across [<SneakyProcess name='0' pid=78972 parent=78935 started>] processes
Running 1 jobs across [<SneakyProcess name='0' pid=78972 parent=78935 started>] processes
Running 1 jobs across [<SneakyProcess name='0' pid=78972 parent=78935 started>] processes
Running 1 jobs across [<SneakyProcess name='0' pid=78972 parent=78935 started>] processes
Running 1 jobs across [<SneakyProcess name='0' pid=78972 parent=78935 started>] processes
Fit Running: Updating results after 500 iterations (see output folder).
Fit Running: Updating results after 1000 iterations (see output folder).
Fit Running: Updating results after 1500 iterations (see output folder).
Fit Running: Updating results after 2000 iterations (see output folder).
Fit Running: Updating results after 2500 iterations (see output folder).
Fit Running: Updating results after 3000 iterations (see output folder).
Fit Running: Updating results after 3500 iterations (see output folder).
Fit Running: Updating results after 4000 iterations (see output folder).
Fit Running: Updating results after 4500 iterations (see output folder).
Fit Running: Updating results after 5000 iterations (see output folder).
Fit Running: Updating results after 5500 iterations (see output folder).
Fit Running: Updating results after 6000 iterations (see output folder).
Fit Running: Updating results after 6500 iterations (see output folder).
Fit Running: Updating results after 7000 iterations (see output folder).
Fit Running: Updating results after 7500 iterations (see output folder).
Fit Running: Updating results after 8000 iterations (see output folder).
Fit Running: Updating results after 8500 iterations (see output folder).
Fit Running: Updating results after 9000 iterations (see output folder).
Fit Running: Updating results after 9500 iterations (see output folder).
Fit Running: Updating results after 10000 iterations (see output folder).
Fit Running: Updating results after 10500 iterations (see output folder).
Fit Running: Updating results after 11000 iterations (see output folder).
Fit Running: Updating results after 11500 iterations (see output folder).
Fit Running: Updating results after 12000 iterations (see output folder).
Fit Running: Updating results after 12500 iterations (see output folder).
Fit Running: Updating results after 13000 iterations (see output folder).
Fit Running: Updating results after 13500 iterations (see output folder).
Fit Running: Updating results after 14000 iterations (see output folder).
Fit Running: Updating results after 14500 iterations (see output folder).
Fit Running: Updating results after 15000 iterations (see output folder).
Fit Running: Updating results after 15500 iterations (see output folder).
Fit Running: Updating results after 16000 iterations (see output folder).
Fit Running: Updating results after 16500 iterations (see output folder).
Fit Running: Updating results after 17000 iterations (see output folder).
Fit Running: Updating results after 17500 iterations (see output folder).
Fit Running: Updating results after 18000 iterations (see output folder).
Fit Running: Updating results after 18500 iterations (see output folder).
Fit Running: Updating results after 19000 iterations (see output folder).
Fit Running: Updating results after 19500 iterations (see output folder).
Fit Running: Updating results after 20000 iterations (see output folder).
Fit Running: Updating results after 20500 iterations (see output folder).
Fit Running: Updating results after 21000 iterations (see output folder).
Fit Running: Updating results after 21500 iterations (see output folder).
Fit Running: Updating results after 22000 iterations (see output folder).
Fit Running: Updating results after 22500 iterations (see output folder).
Fit Running: Updating results after 23000 iterations (see output folder).
Fit Running: Updating results after 23500 iterations (see output folder).
Fit Running: Updating results after 24000 iterations (see output folder).
Fit Running: Updating results after 24500 iterations (see output folder).
Fit Running: Updating results after 25000 iterations (see output folder).
Fit Running: Updating results after 25500 iterations (see output folder).
Fit Running: Updating results after 26000 iterations (see output folder).
Fit Running: Updating results after 26500 iterations (see output folder).
Fit Running: Updating results after 27000 iterations (see output folder).
Fit Running: Updating results after 27500 iterations (see output folder).
Fit Running: Updating results after 28000 iterations (see output folder).
Fit Running: Updating results after 28500 iterations (see output folder).
Fit Running: Updating results after 29000 iterations (see output folder).
Fit Running: Updating results after 29500 iterations (see output folder).
Fit Running: Updating results after 30000 iterations (see output folder).
Resuming Dynesty non-linear search (previous samples found).
Fit Running: Updating results after 500 iterations (see output folder).
Fit Running: Updating results after 1000 iterations (see output folder).
Fit Running: Updating results after 1500 iterations (see output folder).
Fit Running: Updating results after 2000 iterations (see output folder).
Fit Running: Updating results after 2500 iterations (see output folder).
Fit Running: Updating results after 3000 iterations (see output folder).
Fit Running: Updating results after 3500 iterations (see output folder).
Fit Running: Updating results after 4000 iterations (see output folder).
Fit Running: Updating results after 4500 iterations (see output folder).
Fit Running: Updating results after 5000 iterations (see output folder).
Fit Running: Updating results after 5500 iterations (see output folder).
Fit Running: Updating results after 6000 iterations (see output folder).
Fit Running: Updating results after 6500 iterations (see output folder).
Fit Running: Updating results after 7000 iterations (see output folder).
Fit Running: Updating results after 7500 iterations (see output folder).
Fit Running: Updating results after 8000 iterations (see output folder).
Fit Running: Updating results after 8500 iterations (see output folder).
Fit Running: Updating results after 9000 iterations (see output folder).
Fit Running: Updating results after 9500 iterations (see output folder).
Fit Running: Updating results after 10000 iterations (see output folder).
Fit Running: Updating results after 10500 iterations (see output folder).
Fit Running: Updating results after 11000 iterations (see output folder).
Fit Running: Updating results after 11500 iterations (see output folder).
Fit Running: Updating results after 12000 iterations (see output folder).
Fit Running: Updating results after 12500 iterations (see output folder).
Fit Running: Updating results after 13000 iterations (see output folder).
Fit Running: Updating results after 13500 iterations (see output folder).
Fit Running: Updating results after 14000 iterations (see output folder).
Fit Running: Updating results after 14500 iterations (see output folder).
Fit Running: Updating results after 15000 iterations (see output folder).
Fit Running: Updating results after 15500 iterations (see output folder).
Fit Running: Updating results after 16000 iterations (see output folder).
Fit Running: Updating results after 16500 iterations (see output folder).
Fit Running: Updating results after 17000 iterations (see output folder).
Fit Running: Updating results after 17500 iterations (see output folder).
Fit Running: Updating results after 18000 iterations (see output folder).
Fit Running: Updating results after 18500 iterations (see output folder).
Fit Running: Updating results after 19000 iterations (see output folder).
Fit Running: Updating results after 19500 iterations (see output folder).
Fit Running: Updating results after 20000 iterations (see output folder).
Fit Running: Updating results after 20500 iterations (see output folder).
Fit Running: Updating results after 21000 iterations (see output folder).
Fit Running: Updating results after 21500 iterations (see output folder).
Fit Running: Updating results after 22000 iterations (see output folder).
Fit Running: Updating results after 22500 iterations (see output folder).
Fit Running: Updating results after 23000 iterations (see output folder).
