Starting new Dynesty non-linear search (no previous samples found).
Generating initial samples of model, which are subject to prior limits and other constraints. Using 1 cores.
Creating pool with 1 processes
created
Running 1 jobs across [<SneakyProcess name='0' pid=16669 parent=16639 started>] processes
Running 1 jobs across [<SneakyProcess name='0' pid=16669 parent=16639 started>] processes
Running 1 jobs across [<SneakyProcess name='0' pid=16669 parent=16639 started>] processes
Running 1 jobs across [<SneakyProcess name='0' pid=16669 parent=16639 started>] processes
Running 1 jobs across [<SneakyProcess name='0' pid=16669 parent=16639 started>] processes
Running 1 jobs across [<SneakyProcess name='0' pid=16669 parent=16639 started>] processes
Running 1 jobs across [<SneakyProcess name='0' pid=16669 parent=16639 started>] processes
Running 1 jobs across [<SneakyProcess name='0' pid=16669 parent=16639 started>] processes
Running 1 jobs across [<SneakyProcess name='0' pid=16669 parent=16639 started>] processes
Running 1 jobs across [<SneakyProcess name='0' pid=16669 parent=16639 started>] processes
Running 1 jobs across [<SneakyProcess name='0' pid=16669 parent=16639 started>] processes
Running 1 jobs across [<SneakyProcess name='0' pid=16669 parent=16639 started>] processes
Running 1 jobs across [<SneakyProcess name='0' pid=16669 parent=16639 started>] processes
Running 1 jobs across [<SneakyProcess name='0' pid=16669 parent=16639 started>] processes
Running 1 jobs across [<SneakyProcess name='0' pid=16669 parent=16639 started>] processes
Running 1 jobs across [<SneakyProcess name='0' pid=16669 parent=16639 started>] processes
Running 1 jobs across [<SneakyProcess name='0' pid=16669 parent=16639 started>] processes
Running 1 jobs across [<SneakyProcess name='0' pid=16669 parent=16639 started>] processes
Running 1 jobs across [<SneakyProcess name='0' pid=16669 parent=16639 started>] processes
Running 1 jobs across [<SneakyProcess name='0' pid=16669 parent=16639 started>] processes
Running 1 jobs across [<SneakyProcess name='0' pid=16669 parent=16639 started>] processes
Running 1 jobs across [<SneakyProcess name='0' pid=16669 parent=16639 started>] processes
Running 1 jobs across [<SneakyProcess name='0' pid=16669 parent=16639 started>] processes
Running 1 jobs across [<SneakyProcess name='0' pid=16669 parent=16639 started>] processes
Running 1 jobs across [<SneakyProcess name='0' pid=16669 parent=16639 started>] processes
Running 1 jobs across [<SneakyProcess name='0' pid=16669 parent=16639 started>] processes
Running 1 jobs across [<SneakyProcess name='0' pid=16669 parent=16639 started>] processes
Running 1 jobs across [<SneakyProcess name='0' pid=16669 parent=16639 started>] processes
Running 1 jobs across [<SneakyProcess name='0' pid=16669 parent=16639 started>] processes
Running 1 jobs across [<SneakyProcess name='0' pid=16669 parent=16639 started>] processes
Running 1 jobs across [<SneakyProcess name='0' pid=16669 parent=16639 started>] processes
Running 1 jobs across [<SneakyProcess name='0' pid=16669 parent=16639 started>] processes
Running 1 jobs across [<SneakyProcess name='0' pid=16669 parent=16639 started>] processes
Running 1 jobs across [<SneakyProcess name='0' pid=16669 parent=16639 started>] processes
Running 1 jobs across [<SneakyProcess name='0' pid=16669 parent=16639 started>] processes
Running 1 jobs across [<SneakyProcess name='0' pid=16669 parent=16639 started>] processes
Running 1 jobs across [<SneakyProcess name='0' pid=16669 parent=16639 started>] processes
Running 1 jobs across [<SneakyProcess name='0' pid=16669 parent=16639 started>] processes
Running 1 jobs across [<SneakyProcess name='0' pid=16669 parent=16639 started>] processes
Running 1 jobs across [<SneakyProcess name='0' pid=16669 parent=16639 started>] processes
Running 1 jobs across [<SneakyProcess name='0' pid=16669 parent=16639 started>] processes
Running 1 jobs across [<SneakyProcess name='0' pid=16669 parent=16639 started>] processes
Running 1 jobs across [<SneakyProcess name='0' pid=16669 parent=16639 started>] processes
Running 1 jobs across [<SneakyProcess name='0' pid=16669 parent=16639 started>] processes
Running 1 jobs across [<SneakyProcess name='0' pid=16669 parent=16639 started>] processes
Running 1 jobs across [<SneakyProcess name='0' pid=16669 parent=16639 started>] processes
Running 1 jobs across [<SneakyProcess name='0' pid=16669 parent=16639 started>] processes
Running 1 jobs across [<SneakyProcess name='0' pid=16669 parent=16639 started>] processes
Running 1 jobs across [<SneakyProcess name='0' pid=16669 parent=16639 started>] processes
Running 1 jobs across [<SneakyProcess name='0' pid=16669 parent=16639 started>] processes
Running 1 jobs across [<SneakyProcess name='0' pid=16669 parent=16639 started>] processes
Running 1 jobs across [<SneakyProcess name='0' pid=16669 parent=16639 started>] processes
Running 1 jobs across [<SneakyProcess name='0' pid=16669 parent=16639 started>] processes
Running 1 jobs across [<SneakyProcess name='0' pid=16669 parent=16639 started>] processes
Running 1 jobs across [<SneakyProcess name='0' pid=16669 parent=16639 started>] processes
Running 1 jobs across [<SneakyProcess name='0' pid=16669 parent=16639 started>] processes
Running 1 jobs across [<SneakyProcess name='0' pid=16669 parent=16639 started>] processes
Running 1 jobs across [<SneakyProcess name='0' pid=16669 parent=16639 started>] processes
Running 1 jobs across [<SneakyProcess name='0' pid=16669 parent=16639 started>] processes
Running 1 jobs across [<SneakyProcess name='0' pid=16669 parent=16639 started>] processes
Running 1 jobs across [<SneakyProcess name='0' pid=16669 parent=16639 started>] processes
Running 1 jobs across [<SneakyProcess name='0' pid=16669 parent=16639 started>] processes
Running 1 jobs across [<SneakyProcess name='0' pid=16669 parent=16639 started>] processes
Running 1 jobs across [<SneakyProcess name='0' pid=16669 parent=16639 started>] processes
Running 1 jobs across [<SneakyProcess name='0' pid=16669 parent=16639 started>] processes
Running 1 jobs across [<SneakyProcess name='0' pid=16669 parent=16639 started>] processes
Running 1 jobs across [<SneakyProcess name='0' pid=16669 parent=16639 started>] processes
Running 1 jobs across [<SneakyProcess name='0' pid=16669 parent=16639 started>] processes
Running 1 jobs across [<SneakyProcess name='0' pid=16669 parent=16639 started>] processes
Running 1 jobs across [<SneakyProcess name='0' pid=16669 parent=16639 started>] processes
Running 1 jobs across [<SneakyProcess name='0' pid=16669 parent=16639 started>] processes
Running 1 jobs across [<SneakyProcess name='0' pid=16669 parent=16639 started>] processes
Running 1 jobs across [<SneakyProcess name='0' pid=16669 parent=16639 started>] processes
Running 1 jobs across [<SneakyProcess name='0' pid=16669 parent=16639 started>] processes
Running 1 jobs across [<SneakyProcess name='0' pid=16669 parent=16639 started>] processes
Running 1 jobs across [<SneakyProcess name='0' pid=16669 parent=16639 started>] processes
Running 1 jobs across [<SneakyProcess name='0' pid=16669 parent=16639 started>] processes
Running 1 jobs across [<SneakyProcess name='0' pid=16669 parent=16639 started>] processes
Running 1 jobs across [<SneakyProcess name='0' pid=16669 parent=16639 started>] processes
Running 1 jobs across [<SneakyProcess name='0' pid=16669 parent=16639 started>] processes
Running 1 jobs across [<SneakyProcess name='0' pid=16669 parent=16639 started>] processes
Running 1 jobs across [<SneakyProcess name='0' pid=16669 parent=16639 started>] processes
Running 1 jobs across [<SneakyProcess name='0' pid=16669 parent=16639 started>] processes
Running 1 jobs across [<SneakyProcess name='0' pid=16669 parent=16639 started>] processes
Running 1 jobs across [<SneakyProcess name='0' pid=16669 parent=16639 started>] processes
Running 1 jobs across [<SneakyProcess name='0' pid=16669 parent=16639 started>] processes
Running 1 jobs across [<SneakyProcess name='0' pid=16669 parent=16639 started>] processes
Running 1 jobs across [<SneakyProcess name='0' pid=16669 parent=16639 started>] processes
Running 1 jobs across [<SneakyProcess name='0' pid=16669 parent=16639 started>] processes
Running 1 jobs across [<SneakyProcess name='0' pid=16669 parent=16639 started>] processes
Running 1 jobs across [<SneakyProcess name='0' pid=16669 parent=16639 started>] processes
Running 1 jobs across [<SneakyProcess name='0' pid=16669 parent=16639 started>] processes
Running 1 jobs across [<SneakyProcess name='0' pid=16669 parent=16639 started>] processes
Running 1 jobs across [<SneakyProcess name='0' pid=16669 parent=16639 started>] processes
Running 1 jobs across [<SneakyProcess name='0' pid=16669 parent=16639 started>] processes
Running 1 jobs across [<SneakyProcess name='0' pid=16669 parent=16639 started>] processes
Running 1 jobs across [<SneakyProcess name='0' pid=16669 parent=16639 started>] processes
Running 1 jobs across [<SneakyProcess name='0' pid=16669 parent=16639 started>] processes
Running 1 jobs across [<SneakyProcess name='0' pid=16669 parent=16639 started>] processes
Running 1 jobs across [<SneakyProcess name='0' pid=16669 parent=16639 started>] processes
Running 1 jobs across [<SneakyProcess name='0' pid=16669 parent=16639 started>] processes
Running 1 jobs across [<SneakyProcess name='0' pid=16669 parent=16639 started>] processes
Running 1 jobs across [<SneakyProcess name='0' pid=16669 parent=16639 started>] processes
Running 1 jobs across [<SneakyProcess name='0' pid=16669 parent=16639 started>] processes
Running 1 jobs across [<SneakyProcess name='0' pid=16669 parent=16639 started>] processes
Running 1 jobs across [<SneakyProcess name='0' pid=16669 parent=16639 started>] processes
Running 1 jobs across [<SneakyProcess name='0' pid=16669 parent=16639 started>] processes
Running 1 jobs across [<SneakyProcess name='0' pid=16669 parent=16639 started>] processes
Running 1 jobs across [<SneakyProcess name='0' pid=16669 parent=16639 started>] processes
Running 1 jobs across [<SneakyProcess name='0' pid=16669 parent=16639 started>] processes
Running 1 jobs across [<SneakyProcess name='0' pid=16669 parent=16639 started>] processes
Running 1 jobs across [<SneakyProcess name='0' pid=16669 parent=16639 started>] processes
Running 1 jobs across [<SneakyProcess name='0' pid=16669 parent=16639 started>] processes
Running 1 jobs across [<SneakyProcess name='0' pid=16669 parent=16639 started>] processes
Running 1 jobs across [<SneakyProcess name='0' pid=16669 parent=16639 started>] processes
Running 1 jobs across [<SneakyProcess name='0' pid=16669 parent=16639 started>] processes
Running 1 jobs across [<SneakyProcess name='0' pid=16669 parent=16639 started>] processes
Running 1 jobs across [<SneakyProcess name='0' pid=16669 parent=16639 started>] processes
Running 1 jobs across [<SneakyProcess name='0' pid=16669 parent=16639 started>] processes
Running 1 jobs across [<SneakyProcess name='0' pid=16669 parent=16639 started>] processes
Running 1 jobs across [<SneakyProcess name='0' pid=16669 parent=16639 started>] processes
Running 1 jobs across [<SneakyProcess name='0' pid=16669 parent=16639 started>] processes
Running 1 jobs across [<SneakyProcess name='0' pid=16669 parent=16639 started>] processes
Running 1 jobs across [<SneakyProcess name='0' pid=16669 parent=16639 started>] processes
Running 1 jobs across [<SneakyProcess name='0' pid=16669 parent=16639 started>] processes
Running 1 jobs across [<SneakyProcess name='0' pid=16669 parent=16639 started>] processes
Running 1 jobs across [<SneakyProcess name='0' pid=16669 parent=16639 started>] processes
Running 1 jobs across [<SneakyProcess name='0' pid=16669 parent=16639 started>] processes
Running 1 jobs across [<SneakyProcess name='0' pid=16669 parent=16639 started>] processes
Running 1 jobs across [<SneakyProcess name='0' pid=16669 parent=16639 started>] processes
Running 1 jobs across [<SneakyProcess name='0' pid=16669 parent=16639 started>] processes
Running 1 jobs across [<SneakyProcess name='0' pid=16669 parent=16639 started>] processes
Running 1 jobs across [<SneakyProcess name='0' pid=16669 parent=16639 started>] processes
Running 1 jobs across [<SneakyProcess name='0' pid=16669 parent=16639 started>] processes
Running 1 jobs across [<SneakyProcess name='0' pid=16669 parent=16639 started>] processes
Running 1 jobs across [<SneakyProcess name='0' pid=16669 parent=16639 started>] processes
Running 1 jobs across [<SneakyProcess name='0' pid=16669 parent=16639 started>] processes
Running 1 jobs across [<SneakyProcess name='0' pid=16669 parent=16639 started>] processes
Running 1 jobs across [<SneakyProcess name='0' pid=16669 parent=16639 started>] processes
Running 1 jobs across [<SneakyProcess name='0' pid=16669 parent=16639 started>] processes
Running 1 jobs across [<SneakyProcess name='0' pid=16669 parent=16639 started>] processes
Running 1 jobs across [<SneakyProcess name='0' pid=16669 parent=16639 started>] processes
Running 1 jobs across [<SneakyProcess name='0' pid=16669 parent=16639 started>] processes
Running 1 jobs across [<SneakyProcess name='0' pid=16669 parent=16639 started>] processes
Running 1 jobs across [<SneakyProcess name='0' pid=16669 parent=16639 started>] processes
Running 1 jobs across [<SneakyProcess name='0' pid=16669 parent=16639 started>] processes
Running 1 jobs across [<SneakyProcess name='0' pid=16669 parent=16639 started>] processes
Running 1 jobs across [<SneakyProcess name='0' pid=16669 parent=16639 started>] processes
Running 1 jobs across [<SneakyProcess name='0' pid=16669 parent=16639 started>] processes
Running 1 jobs across [<SneakyProcess name='0' pid=16669 parent=16639 started>] processes
Running 1 jobs across [<SneakyProcess name='0' pid=16669 parent=16639 started>] processes
Running 1 jobs across [<SneakyProcess name='0' pid=16669 parent=16639 started>] processes
Running 1 jobs across [<SneakyProcess name='0' pid=16669 parent=16639 started>] processes
Running 1 jobs across [<SneakyProcess name='0' pid=16669 parent=16639 started>] processes
Running 1 jobs across [<SneakyProcess name='0' pid=16669 parent=16639 started>] processes
Running 1 jobs across [<SneakyProcess name='0' pid=16669 parent=16639 started>] processes
Running 1 jobs across [<SneakyProcess name='0' pid=16669 parent=16639 started>] processes
Running 1 jobs across [<SneakyProcess name='0' pid=16669 parent=16639 started>] processes
Running 1 jobs across [<SneakyProcess name='0' pid=16669 parent=16639 started>] processes
Running 1 jobs across [<SneakyProcess name='0' pid=16669 parent=16639 started>] processes
Running 1 jobs across [<SneakyProcess name='0' pid=16669 parent=16639 started>] processes
Running 1 jobs across [<SneakyProcess name='0' pid=16669 parent=16639 started>] processes
Running 1 jobs across [<SneakyProcess name='0' pid=16669 parent=16639 started>] processes
Running 1 jobs across [<SneakyProcess name='0' pid=16669 parent=16639 started>] processes
Running 1 jobs across [<SneakyProcess name='0' pid=16669 parent=16639 started>] processes
Running 1 jobs across [<SneakyProcess name='0' pid=16669 parent=16639 started>] processes
Running 1 jobs across [<SneakyProcess name='0' pid=16669 parent=16639 started>] processes
Running 1 jobs across [<SneakyProcess name='0' pid=16669 parent=16639 started>] processes
Running 1 jobs across [<SneakyProcess name='0' pid=16669 parent=16639 started>] processes
Running 1 jobs across [<SneakyProcess name='0' pid=16669 parent=16639 started>] processes
Running 1 jobs across [<SneakyProcess name='0' pid=16669 parent=16639 started>] processes
Running 1 jobs across [<SneakyProcess name='0' pid=16669 parent=16639 started>] processes
Running 1 jobs across [<SneakyProcess name='0' pid=16669 parent=16639 started>] processes
Running 1 jobs across [<SneakyProcess name='0' pid=16669 parent=16639 started>] processes
Running 1 jobs across [<SneakyProcess name='0' pid=16669 parent=16639 started>] processes
Running 1 jobs across [<SneakyProcess name='0' pid=16669 parent=16639 started>] processes
Running 1 jobs across [<SneakyProcess name='0' pid=16669 parent=16639 started>] processes
Running 1 jobs across [<SneakyProcess name='0' pid=16669 parent=16639 started>] processes
Running 1 jobs across [<SneakyProcess name='0' pid=16669 parent=16639 started>] processes
Running 1 jobs across [<SneakyProcess name='0' pid=16669 parent=16639 started>] processes
Running 1 jobs across [<SneakyProcess name='0' pid=16669 parent=16639 started>] processes
Running 1 jobs across [<SneakyProcess name='0' pid=16669 parent=16639 started>] processes
Running 1 jobs across [<SneakyProcess name='0' pid=16669 parent=16639 started>] processes
Running 1 jobs across [<SneakyProcess name='0' pid=16669 parent=16639 started>] processes
Running 1 jobs across [<SneakyProcess name='0' pid=16669 parent=16639 started>] processes
Running 1 jobs across [<SneakyProcess name='0' pid=16669 parent=16639 started>] processes
Running 1 jobs across [<SneakyProcess name='0' pid=16669 parent=16639 started>] processes
Running 1 jobs across [<SneakyProcess name='0' pid=16669 parent=16639 started>] processes
Running 1 jobs across [<SneakyProcess name='0' pid=16669 parent=16639 started>] processes
Running 1 jobs across [<SneakyProcess name='0' pid=16669 parent=16639 started>] processes
Running 1 jobs across [<SneakyProcess name='0' pid=16669 parent=16639 started>] processes
Running 1 jobs across [<SneakyProcess name='0' pid=16669 parent=16639 started>] processes
Running 1 jobs across [<SneakyProcess name='0' pid=16669 parent=16639 started>] processes
Running 1 jobs across [<SneakyProcess name='0' pid=16669 parent=16639 started>] processes
Running 1 jobs across [<SneakyProcess name='0' pid=16669 parent=16639 started>] processes
Running 1 jobs across [<SneakyProcess name='0' pid=16669 parent=16639 started>] processes
Running 1 jobs across [<SneakyProcess name='0' pid=16669 parent=16639 started>] processes
Running 1 jobs across [<SneakyProcess name='0' pid=16669 parent=16639 started>] processes
Running 1 jobs across [<SneakyProcess name='0' pid=16669 parent=16639 started>] processes
Running 1 jobs across [<SneakyProcess name='0' pid=16669 parent=16639 started>] processes
Fit Running: Updating results after 500 iterations (see output folder).
Fit Running: Updating results after 1000 iterations (see output folder).
Fit Running: Updating results after 1500 iterations (see output folder).
Fit Running: Updating results after 2000 iterations (see output folder).
Fit Running: Updating results after 2500 iterations (see output folder).
Fit Running: Updating results after 3000 iterations (see output folder).
Fit Running: Updating results after 3500 iterations (see output folder).
Fit Running: Updating results after 4000 iterations (see output folder).
Fit Running: Updating results after 4500 iterations (see output folder).
Fit Running: Updating results after 5000 iterations (see output folder).
Fit Running: Updating results after 5500 iterations (see output folder).
Fit Running: Updating results after 6000 iterations (see output folder).
Fit Running: Updating results after 6500 iterations (see output folder).
Fit Running: Updating results after 7000 iterations (see output folder).
Fit Running: Updating results after 7500 iterations (see output folder).
Fit Running: Updating results after 8000 iterations (see output folder).
Fit Running: Updating results after 8500 iterations (see output folder).
Fit Running: Updating results after 9000 iterations (see output folder).
Fit Running: Updating results after 9500 iterations (see output folder).
Fit Running: Updating results after 10000 iterations (see output folder).
Fit Running: Updating results after 10500 iterations (see output folder).
Fit Running: Updating results after 11000 iterations (see output folder).
Fit Running: Updating results after 11500 iterations (see output folder).
Fit Running: Updating results after 12000 iterations (see output folder).
Fit Running: Updating results after 12500 iterations (see output folder).
Fit Running: Updating results after 13000 iterations (see output folder).
Fit Running: Updating results after 13500 iterations (see output folder).
Fit Running: Updating results after 14000 iterations (see output folder).
Fit Running: Updating results after 14500 iterations (see output folder).
Fit Running: Updating results after 15000 iterations (see output folder).
Fit Running: Updating results after 15500 iterations (see output folder).
Fit Running: Updating results after 16000 iterations (see output folder).
Fit Running: Updating results after 16500 iterations (see output folder).
Fit Running: Updating results after 17000 iterations (see output folder).
Fit Running: Updating results after 17500 iterations (see output folder).
Fit Running: Updating results after 18000 iterations (see output folder).
Fit Running: Updating results after 18500 iterations (see output folder).
Fit Running: Updating results after 19000 iterations (see output folder).
Fit Running: Updating results after 19500 iterations (see output folder).
Fit Running: Updating results after 20000 iterations (see output folder).
Fit Running: Updating results after 20500 iterations (see output folder).
Fit Running: Updating results after 21000 iterations (see output folder).
Fit Running: Updating results after 21500 iterations (see output folder).
Fit Running: Updating results after 22000 iterations (see output folder).
Fit Running: Updating results after 22500 iterations (see output folder).
Fit Running: Updating results after 23000 iterations (see output folder).
Fit Running: Updating results after 23500 iterations (see output folder).
Fit Running: Updating results after 24000 iterations (see output folder).
Fit Running: Updating results after 24500 iterations (see output folder).
Fit Running: Updating results after 25000 iterations (see output folder).
Fit Running: Updating results after 25500 iterations (see output folder).
Fit Running: Updating results after 26000 iterations (see output folder).
Fit Running: Updating results after 26500 iterations (see output folder).
Fit Running: Updating results after 27000 iterations (see output folder).
Fit Running: Updating results after 27500 iterations (see output folder).
Fit Running: Updating results after 28000 iterations (see output folder).
Fit Running: Updating results after 28500 iterations (see output folder).
Fit Running: Updating results after 29000 iterations (see output folder).
Fit Running: Updating results after 29500 iterations (see output folder).
Fit Running: Updating results after 30000 iterations (see output folder).
Fit Running: Updating results after 30500 iterations (see output folder).
Fit Running: Updating results after 31000 iterations (see output folder).
Fit Running: Updating results after 31500 iterations (see output folder).
Fit Running: Updating results after 32000 iterations (see output folder).
Fit Running: Updating results after 32500 iterations (see output folder).
Fit Running: Updating results after 33000 iterations (see output folder).
Fit Running: Updating results after 33500 iterations (see output folder).
Fit Running: Updating results after 34000 iterations (see output folder).
Fit Running: Updating results after 34500 iterations (see output folder).
Fit Running: Updating results after 35000 iterations (see output folder).
Fit Running: Updating results after 35500 iterations (see output folder).
Fit Running: Updating results after 36000 iterations (see output folder).
Fit Running: Updating results after 36500 iterations (see output folder).
Fit Running: Updating results after 37000 iterations (see output folder).
Fit Running: Updating results after 37500 iterations (see output folder).
Fit Running: Updating results after 38000 iterations (see output folder).
Fit Running: Updating results after 38500 iterations (see output folder).
Fit Running: Updating results after 39000 iterations (see output folder).
Fit Running: Updating results after 39500 iterations (see output folder).
Fit Running: Updating results after 40000 iterations (see output folder).
Fit Running: Updating results after 40500 iterations (see output folder).
Fit Running: Updating results after 41000 iterations (see output folder).
Fit Running: Updating results after 41500 iterations (see output folder).
Fit Running: Updating results after 42000 iterations (see output folder).
Fit Running: Updating results after 42500 iterations (see output folder).
Fit Running: Updating results after 43000 iterations (see output folder).
Fit Running: Updating results after 43500 iterations (see output folder).
Fit Running: Updating results after 44000 iterations (see output folder).
Fit Running: Updating results after 44500 iterations (see output folder).
Fit Running: Updating results after 45000 iterations (see output folder).
Fit Running: Updating results after 45500 iterations (see output folder).
Fit Running: Updating results after 46000 iterations (see output folder).
Fit Running: Updating results after 46500 iterations (see output folder).
Fit Running: Updating results after 47000 iterations (see output folder).
Fit Running: Updating results after 47500 iterations (see output folder).
Fit Running: Updating results after 48000 iterations (see output folder).
Fit Running: Updating results after 48500 iterations (see output folder).
Fit Running: Updating results after 49000 iterations (see output folder).
Fit Running: Updating results after 49500 iterations (see output folder).
Fit Running: Updating results after 50000 iterations (see output folder).
Fit Running: Updating results after 50500 iterations (see output folder).
Fit Running: Updating results after 51000 iterations (see output folder).
Fit Running: Updating results after 51500 iterations (see output folder).
Fit Running: Updating results after 52000 iterations (see output folder).
Fit Running: Updating results after 52500 iterations (see output folder).
Fit Running: Updating results after 53000 iterations (see output folder).
Fit Running: Updating results after 53500 iterations (see output folder).
Fit Running: Updating results after 54000 iterations (see output folder).
Fit Running: Updating results after 54500 iterations (see output folder).
Fit Running: Updating results after 55000 iterations (see output folder).
Fit Running: Updating results after 55500 iterations (see output folder).
Fit Running: Updating results after 56000 iterations (see output folder).
Fit Complete: Updating final results (see output folder).
Samples with weight less than 1e-10 removed from samples.csv.
